com\redcatdev86\ui\bean\IssueBean.class
com\redcatdev86\ui\view\TeamIssueView.class
com\redcatdev86\backend\model\IssueEntity.class
com\redcatdev86\backend\model\IssueTable.class
com\redcatdev86\ui\view\HomeView.class
com\redcatdev86\ui\view\ManagerIssueView.class
com\redcatdev86\ui\view\FormationView$Formations.class
com\redcatdev86\backend\DatabaseManager.class
com\redcatdev86\ui\NavBar.class
com\redcatdev86\ui\view\MarketIssueView.class
com\redcatdev86\ui\view\PlayerIssueView.class
com\redcatdev86\service\RandomIssueService.class
com\redcatdev86\ui\view\FormationView.class
com\redcatdev86\ui\Views.class
com\redcatdev86\backend\DbInstaller.class
com\redcatdev86\ui\view\SliderView.class
com\redcatdev86\App.class
com\redcatdev86\ui\view\IssuePageBase.class
com\redcatdev86\backend\IssueRepository.class
com\redcatdev86\service\IssueService.class
com\redcatdev86\backend\Database.class
com\redcatdev86\ui\ResettableView.class
com\redcatdev86\backend\model\IssueRow.class
com\redcatdev86\ui\view\AddIssueView.class
com\redcatdev86\ui\view\FormationView$RoleSpot.class
com\redcatdev86\ui\MainView.class
com\redcatdev86\ui\view\FormationView$Formation.class
