C:\work\projects\eafc25-app\eafc25-app-fx\src\main\java\com\redcatdev86\ui\view\PlayerIssueView.java
C:\work\projects\eafc25-app\eafc25-app-fx\src\main\java\com\redcatdev86\ui\view\ManagerIssueView.java
C:\work\projects\eafc25-app\eafc25-app-fx\src\main\java\com\redcatdev86\ui\bean\IssueBean.java
C:\work\projects\eafc25-app\eafc25-app-fx\src\main\java\com\redcatdev86\backend\model\IssueRow.java
C:\work\projects\eafc25-app\eafc25-app-fx\src\main\java\com\redcatdev86\service\IssueService.java
C:\work\projects\eafc25-app\eafc25-app-fx\src\main\java\com\redcatdev86\App.java
C:\work\projects\eafc25-app\eafc25-app-fx\src\main\java\com\redcatdev86\ui\view\IssuePageBase.java
C:\work\projects\eafc25-app\eafc25-app-fx\src\main\java\com\redcatdev86\ui\view\AddIssueView.java
C:\work\projects\eafc25-app\eafc25-app-fx\src\main\java\com\redcatdev86\ui\view\MarketIssueView.java
C:\work\projects\eafc25-app\eafc25-app-fx\src\main\java\com\redcatdev86\backend\Database.java
C:\work\projects\eafc25-app\eafc25-app-fx\src\main\java\com\redcatdev86\ui\ResettableView.java
C:\work\projects\eafc25-app\eafc25-app-fx\src\main\java\com\redcatdev86\backend\DbInstaller.java
C:\work\projects\eafc25-app\eafc25-app-fx\src\main\java\com\redcatdev86\ui\view\FormationView.java
C:\work\projects\eafc25-app\eafc25-app-fx\src\main\java\com\redcatdev86\ui\view\TeamIssueView.java
C:\work\projects\eafc25-app\eafc25-app-fx\src\main\java\com\redcatdev86\ui\view\SliderView.java
C:\work\projects\eafc25-app\eafc25-app-fx\src\main\java\com\redcatdev86\service\RandomIssueService.java
C:\work\projects\eafc25-app\eafc25-app-fx\src\main\java\com\redcatdev86\ui\MainView.java
C:\work\projects\eafc25-app\eafc25-app-fx\src\main\java\com\redcatdev86\backend\DatabaseManager.java
C:\work\projects\eafc25-app\eafc25-app-fx\src\main\java\com\redcatdev86\backend\model\IssueEntity.java
C:\work\projects\eafc25-app\eafc25-app-fx\src\main\java\com\redcatdev86\ui\view\HomeView.java
C:\work\projects\eafc25-app\eafc25-app-fx\src\main\java\com\redcatdev86\backend\model\IssueTable.java
C:\work\projects\eafc25-app\eafc25-app-fx\src\main\java\com\redcatdev86\ui\NavBar.java
C:\work\projects\eafc25-app\eafc25-app-fx\src\main\java\com\redcatdev86\backend\IssueRepository.java
C:\work\projects\eafc25-app\eafc25-app-fx\src\main\java\com\redcatdev86\ui\Views.java
